[INFO] [launch]: All log files can be found below /home/ahmed/.ros/log/2026-05-07-19-31-01-396771-ahmed-desktop-10429
[INFO] [launch]: Default logging verbosity is set to INFO
[37;1m2026-05-07 19:31:01.737 [31;1m[[37;1mRTPS_TRANSPORT_SHM[31;1m Error] [37mFailed init_port fastrtps_port7002: open_and_lock_file failed[34;1m -> Function [36mopen_port_internal[m
[INFO] [ydlidar_ros2_driver_node-1]: process started with pid [10464]
[INFO] [static_transform_publisher-2]: process started with pid [10465]
[static_transform_publisher-2] [WARN] [1778178662.415161711] []: Old-style arguments are deprecated; see --help for new-style arguments
[ydlidar_ros2_driver_node-1] [37;1m2026-05-07 19:31:02.442 [31;1m[[37;1mRTPS_TRANSPORT_SHM[31;1m Error] [37mFailed init_port fastrtps_port7002: open_and_lock_file failed[34;1m -> Function [36mopen_port_internal[m
[static_transform_publisher-2] [INFO] [1778178662.483695875] [static_tf_pub_laser]: Spinning until stopped - publishing transform
[static_transform_publisher-2] translation: ('0.027500', '0.000000', '0.160000')
[static_transform_publisher-2] rotation: ('1.000000', '0.000000', '0.000000', '0.000000')
[static_transform_publisher-2] from 'base_link' to 'laser_frame'
[ydlidar_ros2_driver_node-1] [0m[INFO] [1778178662.487853151] [ydlidar_ros2_driver_node]: [YDLIDAR INFO] Current ROS Driver Version: 1.0.1
[ydlidar_ros2_driver_node-1] [0m
[ydlidar_ros2_driver_node-1] [2026-05-07 19:31:02][info] SDK initializing
[ydlidar_ros2_driver_node-1] [2026-05-07 19:31:02][info] SDK has been initialized
[ydlidar_ros2_driver_node-1] [2026-05-07 19:31:02][info] SDK Version: 1.2.19
[ydlidar_ros2_driver_node-1] [2026-05-07 19:31:02][info] Connect elapsed time 12 ms
[ydlidar_ros2_driver_node-1] [2026-05-07 19:31:02][info] Lidar successfully connected [/dev/ttyUSB0:128000]
[ydlidar_ros2_driver_node-1] [2026-05-07 19:31:02][info] Lidar running correctly! The health status good
[ydlidar_ros2_driver_node-1] [0;31m[2026-05-07 19:31:02][error] Fail to get baseplate device information!
[ydlidar_ros2_driver_node-1] [0m[2026-05-07 19:31:02][info] Check status, Elapsed time 0 ms
[ydlidar_ros2_driver_node-1] [2026-05-07 19:31:02][info] Lidar init success, Elapsed time [12]ms
[ydlidar_ros2_driver_node-1] [2026-05-07 19:31:03][info] [YDLIDAR] Create thread 0x57FFE040
[ydlidar_ros2_driver_node-1] [2026-05-07 19:31:03][info] Successed to start scan mode, Elapsed time 1065 ms
[ydlidar_ros2_driver_node-1] [2026-05-07 19:31:03][info] Module device info
[ydlidar_ros2_driver_node-1] Firmware version: 3.1
[ydlidar_ros2_driver_node-1] Hardware version: 3
[ydlidar_ros2_driver_node-1] Model: S2PRO
[ydlidar_ros2_driver_node-1] Serial: 2021050600021242
[ydlidar_ros2_driver_node-1] [2026-05-07 19:31:03][info] Scan Frequency: 10.00Hz
[ydlidar_ros2_driver_node-1] [2026-05-07 19:31:03][info] Fixed Size: 720
[ydlidar_ros2_driver_node-1] [2026-05-07 19:31:03][info] Sample Rate: 5.00K
[ydlidar_ros2_driver_node-1] [2026-05-07 19:31:03][info] Scan Frequency: 10.00Hz
[ydlidar_ros2_driver_node-1] [2026-05-07 19:31:03][info] Fixed Size: 720
[ydlidar_ros2_driver_node-1] [2026-05-07 19:31:03][info] Sample Rate: 5.00K
[ydlidar_ros2_driver_node-1] [2026-05-07 19:31:03][info] Scan Frequency: 10.00Hz
[ydlidar_ros2_driver_node-1] [2026-05-07 19:31:03][info] Fixed Size: 720
[ydlidar_ros2_driver_node-1] [2026-05-07 19:31:03][info] Sample Rate: 5.00K
[ydlidar_ros2_driver_node-1] [2026-05-07 19:31:03][info] Single Fixed Size: 470
[ydlidar_ros2_driver_node-1] [2026-05-07 19:31:03][info] Sample Rate: 5.00K
[ydlidar_ros2_driver_node-1] [2026-05-07 19:31:03][info] Successed to check the lidar, Elapsed time 288 ms
[ydlidar_ros2_driver_node-1] [2026-05-07 19:31:03][info] Now lidar is scanning...
