[INFO] [launch]: All log files can be found below /home/ahmed/.ros/log/2026-05-02-14-22-04-372654-ahmed-desktop-40557
[INFO] [launch]: Default logging verbosity is set to INFO
[INFO] [ekf_node-1]: process started with pid [40579]
[ekf_node-1] [ERROR] [1777728545.243159616] [ekf_filter_node]: Failed to meet update rate! Took 0.077482498999999996347seconds. Try decreasing the rate, limiting sensor output frequency, or limiting the number of sensors.
[ekf_node-1] [ERROR] [1777729637.646806641] [ekf_filter_node]: Failed to meet update rate! Took 0.038504970999999998948seconds. Try decreasing the rate, limiting sensor output frequency, or limiting the number of sensors.
[ekf_node-1] [ERROR] [1777730443.642110335] [ekf_filter_node]: Failed to meet update rate! Took 0.042528166999999998665seconds. Try decreasing the rate, limiting sensor output frequency, or limiting the number of sensors.
[ekf_node-1] [ERROR] [1777730804.600894364] [ekf_filter_node]: Failed to meet update rate! Took 0.33274802100000000493seconds. Try decreasing the rate, limiting sensor output frequency, or limiting the number of sensors.
[ekf_node-1] [ERROR] [1777730829.710188747] [ekf_filter_node]: Failed to meet update rate! Took 0.038893629999999998481seconds. Try decreasing the rate, limiting sensor output frequency, or limiting the number of sensors.
[ekf_node-1] [ERROR] [1777731170.900454532] [ekf_filter_node]: Failed to meet update rate! Took 0.06065603299999999809seconds. Try decreasing the rate, limiting sensor output frequency, or limiting the number of sensors.
[ekf_node-1] [ERROR] [1777731235.770963550] [ekf_filter_node]: Failed to meet update rate! Took 0.035722985999999998241seconds. Try decreasing the rate, limiting sensor output frequency, or limiting the number of sensors.
[ekf_node-1] [ERROR] [1777731388.905239894] [ekf_filter_node]: Failed to meet update rate! Took 0.039595950999999997288seconds. Try decreasing the rate, limiting sensor output frequency, or limiting the number of sensors.
[ekf_node-1] [ERROR] [1777731674.418890467] [ekf_filter_node]: Failed to meet update rate! Took 0.048468939000000002548seconds. Try decreasing the rate, limiting sensor output frequency, or limiting the number of sensors.
[ekf_node-1] [ERROR] [1777731747.677305094] [ekf_filter_node]: Failed to meet update rate! Took 0.041840146000000001669seconds. Try decreasing the rate, limiting sensor output frequency, or limiting the number of sensors.
[ekf_node-1] [ERROR] [1777732002.692152190] [ekf_filter_node]: Failed to meet update rate! Took 0.053947285999999997075seconds. Try decreasing the rate, limiting sensor output frequency, or limiting the number of sensors.
[ekf_node-1] [ERROR] [1777732198.634143682] [ekf_filter_node]: Failed to meet update rate! Took 0.033865746000000002125seconds. Try decreasing the rate, limiting sensor output frequency, or limiting the number of sensors.
[ekf_node-1] [ERROR] [1777732280.489149332] [ekf_filter_node]: Failed to meet update rate! Took 0.052955202999999999303seconds. Try decreasing the rate, limiting sensor output frequency, or limiting the number of sensors.
[ekf_node-1] [ERROR] [1777732280.600851916] [ekf_filter_node]: Failed to meet update rate! Took 0.061776855999999998048seconds. Try decreasing the rate, limiting sensor output frequency, or limiting the number of sensors.
[ekf_node-1] [ERROR] [1777732280.747389743] [ekf_filter_node]: Failed to meet update rate! Took 0.11315487000000000462seconds. Try decreasing the rate, limiting sensor output frequency, or limiting the number of sensors.
[ekf_node-1] [ERROR] [1777732288.794224826] [ekf_filter_node]: Failed to meet update rate! Took 0.061419467999999997898seconds. Try decreasing the rate, limiting sensor output frequency, or limiting the number of sensors.
[ekf_node-1] [ERROR] [1777732291.813782849] [ekf_filter_node]: Failed to meet update rate! Took 0.039132013000000000214seconds. Try decreasing the rate, limiting sensor output frequency, or limiting the number of sensors.
[ekf_node-1] [ERROR] [1777732297.871376007] [ekf_filter_node]: Failed to meet update rate! Took 0.034401860999999998858seconds. Try decreasing the rate, limiting sensor output frequency, or limiting the number of sensors.
[ekf_node-1] [ERROR] [1777732623.614324980] [ekf_filter_node]: Failed to meet update rate! Took 0.044258885999999997285seconds. Try decreasing the rate, limiting sensor output frequency, or limiting the number of sensors.
[ekf_node-1] [ERROR] [1777732710.781842220] [ekf_filter_node]: Failed to meet update rate! Took 0.049105691999999999398seconds. Try decreasing the rate, limiting sensor output frequency, or limiting the number of sensors.
[ekf_node-1] [ERROR] [1777732883.520200136] [ekf_filter_node]: Failed to meet update rate! Took 0.050659667999999997978seconds. Try decreasing the rate, limiting sensor output frequency, or limiting the number of sensors.
[ekf_node-1] [ERROR] [1777732931.703351704] [ekf_filter_node]: Failed to meet update rate! Took 0.037555566999999998035seconds. Try decreasing the rate, limiting sensor output frequency, or limiting the number of sensors.
[ekf_node-1] [ERROR] [1777733117.547028808] [ekf_filter_node]: Failed to meet update rate! Took 0.046320259000000002514seconds. Try decreasing the rate, limiting sensor output frequency, or limiting the number of sensors.
[ekf_node-1] [ERROR] [1777733121.526700919] [ekf_filter_node]: Failed to meet update rate! Took 0.059367670999999996861seconds. Try decreasing the rate, limiting sensor output frequency, or limiting the number of sensors.
[ekf_node-1] [ERROR] [1777733121.896392463] [ekf_filter_node]: Failed to meet update rate! Took 0.063869046999999998238seconds. Try decreasing the rate, limiting sensor output frequency, or limiting the number of sensors.
[ekf_node-1] [ERROR] [1777733170.006530473] [ekf_filter_node]: Failed to meet update rate! Took 0.040832915999999996881seconds. Try decreasing the rate, limiting sensor output frequency, or limiting the number of sensors.
[ekf_node-1] [ERROR] [1777733198.699452278] [ekf_filter_node]: Failed to meet update rate! Took 0.033506502999999999981seconds. Try decreasing the rate, limiting sensor output frequency, or limiting the number of sensors.
[ekf_node-1] [ERROR] [1777733215.841362679] [ekf_filter_node]: Failed to meet update rate! Took 0.040535730999999998458seconds. Try decreasing the rate, limiting sensor output frequency, or limiting the number of sensors.
[ekf_node-1] [ERROR] [1777733252.920545827] [ekf_filter_node]: Failed to meet update rate! Took 0.052352978000000001402seconds. Try decreasing the rate, limiting sensor output frequency, or limiting the number of sensors.
[ekf_node-1] [ERROR] [1777733440.684561899] [ekf_filter_node]: Failed to meet update rate! Took 0.05175028899999999793seconds. Try decreasing the rate, limiting sensor output frequency, or limiting the number of sensors.
[ekf_node-1] [ERROR] [1777733505.680523456] [ekf_filter_node]: Failed to meet update rate! Took 0.045422210999999997061seconds. Try decreasing the rate, limiting sensor output frequency, or limiting the number of sensors.
[ekf_node-1] [ERROR] [1777733558.067596821] [ekf_filter_node]: Failed to meet update rate! Took 0.035375029000000002277seconds. Try decreasing the rate, limiting sensor output frequency, or limiting the number of sensors.
[ekf_node-1] [ERROR] [1777733731.788461854] [ekf_filter_node]: Failed to meet update rate! Took 0.056003857999999996642seconds. Try decreasing the rate, limiting sensor output frequency, or limiting the number of sensors.
[ekf_node-1] [ERROR] [1777733811.110614327] [ekf_filter_node]: Failed to meet update rate! Took 0.033876762999999997239seconds. Try decreasing the rate, limiting sensor output frequency, or limiting the number of sensors.
[ekf_node-1] [ERROR] [1777733896.980092373] [ekf_filter_node]: Failed to meet update rate! Took 0.045513782000000002625seconds. Try decreasing the rate, limiting sensor output frequency, or limiting the number of sensors.
[ekf_node-1] [ERROR] [1777733956.772601843] [ekf_filter_node]: Failed to meet update rate! Took 0.036925347999999996729seconds. Try decreasing the rate, limiting sensor output frequency, or limiting the number of sensors.
[ekf_node-1] [ERROR] [1777734206.684341059] [ekf_filter_node]: Failed to meet update rate! Took 0.15211815300000000595seconds. Try decreasing the rate, limiting sensor output frequency, or limiting the number of sensors.
[ekf_node-1] [ERROR] [1777734351.734905604] [ekf_filter_node]: Failed to meet update rate! Took 0.034614187999999997125seconds. Try decreasing the rate, limiting sensor output frequency, or limiting the number of sensors.
[ekf_node-1] [ERROR] [1777734647.770372722] [ekf_filter_node]: Failed to meet update rate! Took 0.037023500000000000854seconds. Try decreasing the rate, limiting sensor output frequency, or limiting the number of sensors.
[ekf_node-1] [ERROR] [1777734701.860350460] [ekf_filter_node]: Failed to meet update rate! Took 0.061156947000000003167seconds. Try decreasing the rate, limiting sensor output frequency, or limiting the number of sensors.
[ekf_node-1] [ERROR] [1777735083.843506959] [ekf_filter_node]: Failed to meet update rate! Took 0.033930953999999999282seconds. Try decreasing the rate, limiting sensor output frequency, or limiting the number of sensors.
[ekf_node-1] [ERROR] [1777735369.841871456] [ekf_filter_node]: Failed to meet update rate! Took 0.041413113000000001396seconds. Try decreasing the rate, limiting sensor output frequency, or limiting the number of sensors.
[ekf_node-1] [INFO] [1777736175.904504719] [rclcpp]: signal_handler(SIGINT/SIGTERM)
[INFO] [ekf_node-1]: process has finished cleanly [pid 40579]
